============================= test session starts =============================
platform win32 -- Python 3.13.13, pytest-8.2.0, pluggy-1.6.0 -- C:\Users\Administrator\AppData\Local\Programs\Python\Python313\python.exe
cachedir: .pytest_cache
metadata: {'Python': '3.13.13', 'Platform': 'Windows-11-10.0.26200-SP0', 'Packages': {'pytest': '8.2.0', 'pluggy': '1.6.0'}, 'Plugins': {'base-url': '2.1.0', 'html': '4.2.0', 'json-report': '1.5.0', 'metadata': '3.1.1', 'playwright': '0.5.0'}, 'JAVA_HOME': 'D:\\software2\\java\\jdk', 'Base URL': ''}
rootdir: D:\software2\result\travel\e2e-tests
configfile: pytest.ini
plugins: base-url-2.1.0, html-4.2.0, json-report-1.5.0, metadata-3.1.1, playwright-0.5.0
collecting ... collected 155 items

e2e-tests\test_01_auth.py::TestLogin::登录页 - 应正确渲染页面元素 PASSED [  0%]
e2e-tests\test_01_auth.py::TestLogin::登录页 - 账号为空时应提示必填 PASSED [  1%]
e2e-tests\test_01_auth.py::TestLogin::登录页 - 密码为空时应提示必填 PASSED [  1%]
e2e-tests\test_01_auth.py::TestLogin::登录页 - 错误密码应提示登录失败 PASSED [  2%]
e2e-tests\test_01_auth.py::TestLogin::登录页 - 正确凭据应登录成功并跳转到账本列表 PASSED [  3%]
e2e-tests\test_01_auth.py::TestLogin::登录页 - 点击注册按钮应跳转到注册页 PASSED [  3%]
e2e-tests\test_01_auth.py::TestRegister::注册页 - 应正确渲染页面元素 PASSED [  4%]
e2e-tests\test_01_auth.py::TestRegister::注册页 - 昵称为空时应提示必填 PASSED [  5%]
e2e-tests\test_01_auth.py::TestRegister::注册页 - 两次密码不一致应提示错误 PASSED [  5%]
e2e-tests\test_01_auth.py::TestRegister::注册页 - 正确填写应注册成功并跳转到账本列表 PASSED [  6%]
e2e-tests\test_01_auth.py::TestRegister::注册页 - 重复邮箱注册应提示失败 PASSED [  7%]
e2e-tests\test_01_auth.py::TestRouteGuard::路由守卫 - 未登录访问账本列表应重定向到登录页 PASSED [  7%]
e2e-tests\test_01_auth.py::TestRouteGuard::路由守卫 - 未登录访问账本详情应重定向到登录页 PASSED [  8%]
e2e-tests\test_01_auth.py::TestRouteGuard::路由守卫 - 未登录访问个人中心应重定向到登录页 PASSED [  9%]
e2e-tests\test_02_account_book.py::TestAccountBookList::账本列表 - 应正确渲染列表页元素 PASSED [  9%]
e2e-tests\test_02_account_book.py::TestAccountBookList::账本列表 - 点击头像应跳转到个人中心 PASSED [ 10%]
e2e-tests\test_02_account_book.py::TestAccountBookList::账本列表 - 创建的账本应出现在列表中 PASSED [ 10%]
e2e-tests\test_02_account_book.py::TestCreateAccountBook::创建账本 - 点击浮动按钮应弹出创建表单 PASSED [ 11%]
e2e-tests\test_02_account_book.py::TestCreateAccountBook::创建账本 - 表单应显示人均预算标签 PASSED [ 12%]
e2e-tests\test_02_account_book.py::TestCreateAccountBook::创建账本 - 必填字段为空时应提示验证错误 PASSED [ 12%]
e2e-tests\test_02_account_book.py::TestAccountBookDetail::账本详情 - 应正确显示账本基本信息 PASSED [ 13%]
e2e-tests\test_02_account_book.py::TestAccountBookDetail::账本详情 - 应显示全员总支出标签 PASSED [ 14%]
e2e-tests\test_02_account_book.py::TestAccountBookDetail::账本详情 - 设置预算后应显示我的预算进度条 PASSED [ 14%]
e2e-tests\test_02_account_book.py::TestAccountBookDetail::账本详情 - 应显示四个标签页 PASSED [ 15%]
e2e-tests\test_02_account_book.py::TestAccountBookDetail::账本详情 - 应显示管理功能区 PASSED [ 16%]
e2e-tests\test_02_account_book.py::TestAccountBookDetail::账本详情 - 无交易时账单明细应显示空状态 PASSED [ 16%]
e2e-tests\test_02_account_book.py::TestAccountBookDetail::账本详情 - 点击记账按钮应弹出记账表单 PASSED [ 17%]
e2e-tests\test_02_account_book.py::TestAccountBookDetail::账本详情 - 点击自动分账应跳转到分账页面 PASSED [ 18%]
e2e-tests\test_02_account_book.py::TestArchivedBook::封存账本 - 应显示只读提示且隐藏记账按钮 PASSED [ 18%]
e2e-tests\test_02_account_book.py::TestArchivedBook::封存账本 - 管理功能区不应显示 PASSED [ 19%]
e2e-tests\test_03_participant.py::TestParticipantManager::成员管理 - 点击应弹出管理面板 PASSED [ 20%]
e2e-tests\test_03_participant.py::TestParticipantManager::成员管理 - 打开时应自动添加当前用户 PASSED [ 20%]
e2e-tests\test_03_participant.py::TestParticipantManager::成员管理 - 应能添加新成员 PASSED [ 21%]
e2e-tests\test_03_participant.py::TestParticipantManager::成员管理 - 姓名为空时应提示必填 PASSED [ 21%]
e2e-tests\test_03_participant.py::TestParticipantManager::成员管理 - 应显示成员总数 PASSED [ 22%]
e2e-tests\test_03_participant.py::TestParticipantManager::成员管理 - 取消按钮应关闭添加表单 PASSED [ 23%]
e2e-tests\test_04_exchange_rate.py::TestExchangeRateUI::汇率管理 - 点击应弹出管理面板 PASSED [ 23%]
e2e-tests\test_04_exchange_rate.py::TestExchangeRateUI::汇率管理 - 应显示可选币种列表（排除CNY） PASSED [ 24%]
e2e-tests\test_04_exchange_rate.py::TestExchangeRateUI::汇率管理 - 无汇率记录时应显示空状态或汇率提示 PASSED [ 25%]
e2e-tests\test_04_exchange_rate.py::TestExchangeRateUI::汇率管理 - 添加汇率后应显示在列表中 PASSED [ 25%]
e2e-tests\test_05_transaction.py::TestTransactionFormUI::记账表单 - 应正确渲染表单元素 PASSED [ 26%]
e2e-tests\test_05_transaction.py::TestTransactionFormUI::记账表单 - 应显示6个主分类图标 PASSED [ 27%]
e2e-tests\test_05_transaction.py::TestTransactionFormUI::记账表单 - 切换主分类应更新子项列表 PASSED [ 27%]
e2e-tests\test_05_transaction.py::TestTransactionFormUI::记账表单 - 金额为空时保存按钮应禁用 PASSED [ 28%]
e2e-tests\test_05_transaction.py::TestTransactionFormUI::记账表单 - 分账设置默认应为个人账单 PASSED [ 29%]
e2e-tests\test_05_transaction.py::TestTransactionFormUI::记账表单 - 切换到共同账单应显示参与人选择区域 PASSED [ 29%]
e2e-tests\test_05_transaction.py::TestCreateTransaction::创建交易 - 应能创建个人交易 PASSED [ 30%]
e2e-tests\test_05_transaction.py::TestCreateTransaction::创建交易 - 交易应出现在账单明细中 PASSED [ 30%]
e2e-tests\test_05_transaction.py::TestTransactionDetail::交易详情 - 点击交易应弹出详情面板 PASSED [ 31%]
e2e-tests\test_05_transaction.py::TestTransactionDetail::交易详情 - 封存账本应显示封存提示 PASSED [ 32%]
e2e-tests\test_06_split_bill.py::TestSplitBillUI::分账页面 - 应正确渲染 PASSED [ 32%]
e2e-tests\test_06_split_bill.py::TestSplitBillUI::分账页面 - 应显示分账规则说明 PASSED [ 33%]
e2e-tests\test_06_split_bill.py::TestSplitBillPageUI::分账UI - 应显示每个参与人的余额 PASSED [ 34%]
e2e-tests\test_06_split_bill.py::TestSplitBillPageUI::分账UI - 点击参与人卡片应展开详情 PASSED [ 34%]
e2e-tests\test_07_statistics.py::TestTotalExpense::总支出 - 无交易时应显示0.00 PASSED [ 35%]
e2e-tests\test_07_statistics.py::TestTotalExpense::总支出 - 添加交易后应正确累加金额 PASSED [ 36%]
e2e-tests\test_07_statistics.py::TestBudgetProgress::预算进度 - 应显示正确的百分比 PASSED [ 36%]
e2e-tests\test_07_statistics.py::TestBudgetProgress::预算进度 - 超过80%应显示警告样式 PASSED [ 37%]
e2e-tests\test_07_statistics.py::TestBudgetProgress::预算进度 - 超支时应显示超支提示 PASSED [ 38%]
e2e-tests\test_07_statistics.py::TestCategoryStats::类别统计 - 应显示饼图 PASSED [ 38%]
e2e-tests\test_07_statistics.py::TestCategoryStats::类别统计 - 应显示各类别金额 PASSED [ 39%]
e2e-tests\test_07_statistics.py::TestCategoryStats::类别统计 - 应按金额降序排列 PASSED [ 40%]
e2e-tests\test_07_statistics.py::TestMemberStats::成员统计 - 应显示共同支出总额 PASSED [ 40%]
e2e-tests\test_07_statistics.py::TestMemberStats::成员统计 - 点击查看详细分账方案应跳转到分账页 PASSED [ 41%]
e2e-tests\test_07_statistics.py::TestDateGrouping::日期分组 - 同一天的交易应归为一组 PASSED [ 41%]
e2e-tests\test_07_statistics.py::TestDateGrouping::日期分组 - 不同天的交易应分为多组 PASSED [ 42%]
e2e-tests\test_08_profile.py::TestProfile::个人中心 - 应正确渲染用户信息 PASSED [ 43%]
e2e-tests\test_08_profile.py::TestProfile::个人中心 - 应显示统计信息 PASSED [ 43%]
e2e-tests\test_08_profile.py::TestProfile::个人中心 - 点击我的账本应跳转到账本列表 PASSED [ 44%]
e2e-tests\test_08_profile.py::TestProfile::个人中心 - 点击返回按钮应回到账本列表 PASSED [ 45%]
e2e-tests\test_08_profile.py::TestProfile::个人中心 - 确认退出登录应跳转到登录页并清除token PASSED [ 45%]
e2e-tests\test_08_profile.py::TestProfile::个人中心 - 取消退出登录应留在当前页面 PASSED [ 46%]
e2e-tests\test_08_profile.py::TestProfile::个人中心 - 默认币种应显示CNY PASSED [ 47%]
e2e-tests\test_09_money_accuracy.py::TestBudgetCalculation::预算计算 - 应正确显示剩余预算 PASSED [ 47%]
e2e-tests\test_10_archived_book.py::TestArchivedUIRestrictions::封存UI - 应显示封存提示和只读状态 PASSED [ 48%]
e2e-tests\test_10_archived_book.py::TestArchivedUIRestrictions::封存UI - 应隐藏记账按钮 PASSED [ 49%]
e2e-tests\test_10_archived_book.py::TestArchivedUIRestrictions::封存UI - 应隐藏管理区域 PASSED [ 49%]
e2e-tests\test_10_archived_book.py::TestArchivedUIRestrictions::封存UI - 交易详情应禁止编辑和删除 PASSED [ 50%]
e2e-tests\test_10_archived_book.py::TestArchivedUIRestrictions::封存UI - 数据应仍可浏览 PASSED [ 50%]
e2e-tests\test_11_multi_user.py::TestMultiUserPersonalExpense::多用户个人支出 - 用户A的个人支出只显示用户A自己的交易 PASSED [ 51%]
e2e-tests\test_11_multi_user.py::TestMultiUserPersonalExpense::多用户个人支出 - 用户B的个人支出只显示用户B自己的交易 PASSED [ 52%]
e2e-tests\test_11_multi_user.py::TestMultiUserPersonalExpense::多用户个人总计 - 应等于当前用户的个人支出+共同分摊 PASSED [ 52%]
e2e-tests\test_11_multi_user.py::TestMultiUserPersonalExpense::多用户个人总计 - 用户B的个人总计应为自己的个人支出+共同分摊 PASSED [ 53%]
e2e-tests\test_11_multi_user.py::TestMultiUserPersonalExpense::多用户总支出 - 总支出应包含所有用户的所有交易 PASSED [ 54%]
e2e-tests\test_11_multi_user.py::TestMultiUserPersonalExpense::多用户共同支出 - 共同支出金额对所有用户应一致 PASSED [ 54%]
e2e-tests\test_13_forgot_password.py::TestForgotPassword::AUTH-012: 忘记密码弹窗正常弹出和关闭 PASSED [ 55%]
e2e-tests\test_03_participant.py::TestParticipantManager::成员管理 - 封存账本API应拒绝或允许添加成员 PASSED [ 56%]
e2e-tests\test_04_exchange_rate.py::TestExchangeRateUI::汇率管理 - 封存账本不应允许修改汇率 PASSED [ 56%]
e2e-tests\test_04_exchange_rate.py::TestExchangeRateAccuracy::汇率换算 - 500 THB × 0.2 应等于 100 CNY PASSED [ 57%]
e2e-tests\test_04_exchange_rate.py::TestExchangeRateAccuracy::汇率换算 - 更新汇率后应重新计算所有交易本币金额 PASSED [ 58%]
e2e-tests\test_04_exchange_rate.py::TestExchangeRateAccuracy::汇率换算 - 不同币种应使用各自汇率 PASSED [ 58%]
e2e-tests\test_04_exchange_rate.py::TestExchangeRateAccuracy::汇率换算 - CNY交易本币金额应等于原始金额 PASSED [ 59%]
e2e-tests\test_05_transaction.py::TestAmountPrecision::金额精度 - 小数金额99.99应正确存储 PASSED [ 60%]
e2e-tests\test_05_transaction.py::TestAmountPrecision::金额精度 - 大金额99999.99应正确存储 PASSED [ 60%]
e2e-tests\test_05_transaction.py::TestAmountPrecision::金额精度 - 外币小数金额换算应精确 PASSED [ 61%]
e2e-tests\test_05_transaction.py::TestAmountPrecision::金额精度 - 总支出应等于所有交易本币金额之和 PASSED [ 61%]
e2e-tests\test_05_transaction.py::TestAmountPrecision::金额精度 - 封存账本不应允许删除交易 PASSED [ 62%]
e2e-tests\test_06_split_bill.py::TestTwoPersonSplit::两人均分 - 张三付600两人分，李四应付张三300 PASSED [ 63%]
e2e-tests\test_06_split_bill.py::TestTwoPersonSplit::两人均分 - 张三付400李四付200，差额应为100 PASSED [ 63%]
e2e-tests\test_06_split_bill.py::TestTwoPersonSplit::两人均分 - 各付300余额应为0无需支付 PASSED [ 64%]
e2e-tests\test_06_split_bill.py::TestThreePersonSplit::三人均分 - 张三付900三人分，李四王五各欠300 PASSED [ 65%]
e2e-tests\test_06_split_bill.py::TestThreePersonSplit::三人均分 - 100÷3除不尽时总余额应接近0 PASSED [ 65%]
e2e-tests\test_06_split_bill.py::TestThreePersonSplit::三人均分 - 张三付300李四付600，张三余额应为0 PASSED [ 66%]
e2e-tests\test_06_split_bill.py::TestPartialParticipants::部分参与 - 只有两人参与的交易不影响第三人 PASSED [ 67%]
e2e-tests\test_06_split_bill.py::TestPartialParticipants::部分参与 - 混合参与人数多笔交易计算应正确 PASSED [ 67%]
e2e-tests\test_06_split_bill.py::TestForeignCurrencySplit::外币分账 - 1000THB×0.2=200CNY两人各100 PASSED [ 68%]
e2e-tests\test_06_split_bill.py::TestForeignCurrencySplit::外币分账 - 混合币种(CNY+USD)分账应正确 PASSED [ 69%]
e2e-tests\test_06_split_bill.py::TestPersonalNotInSplit::分账排除 - 个人交易不应计入分账 PASSED [ 69%]
e2e-tests\test_06_split_bill.py::TestSettledStatus::结清状态 - 应能标记参与人为已结清 PASSED [ 70%]
e2e-tests\test_06_split_bill.py::TestSettledStatus::结清状态 - 应能取消结清标记 PASSED [ 70%]
e2e-tests\test_06_split_bill.py::TestSettledStatus::结清状态 - 应在分账计算结果中体现 PASSED [ 71%]
e2e-tests\test_09_money_accuracy.py::TestBasicAmountMath::基础金额 - 多笔交易累加应正确 PASSED [ 72%]
e2e-tests\test_09_money_accuracy.py::TestBasicAmountMath::0.1 + 0.2 应正确处理 PASSED [ 72%]
e2e-tests\test_09_money_accuracy.py::TestBasicAmountMath::基础金额 - 最小金额0.01应正确存储 PASSED [ 73%]
e2e-tests\test_09_money_accuracy.py::TestBasicAmountMath::基础金额 - 大金额9999999.99应正确存储 PASSED [ 74%]
e2e-tests\test_09_money_accuracy.py::TestExchangeRatePrecision::1 JPY = 0.048123 CNY, 12345 JPY PASSED [ 74%]
e2e-tests\test_09_money_accuracy.py::TestExchangeRatePrecision::更新汇率后所有交易重新计算 PASSED [ 75%]
e2e-tests\test_09_money_accuracy.py::TestSplitBillConservation::所有参与人余额之和应为0 PASSED [ 76%]
e2e-tests\test_09_money_accuracy.py::TestSplitBillConservation::支付明细总额 = 所有负余额之和 PASSED [ 76%]
e2e-tests\test_09_money_accuracy.py::TestBudgetCalculation::预算计算 - 百分比应精确计算 PASSED [ 77%]
e2e-tests\test_09_money_accuracy.py::TestEdgeCases::单人参与共同账单应全额承担 PASSED [ 78%]
e2e-tests\test_09_money_accuracy.py::TestEdgeCases::20笔 0.05 累加应为 1.00 PASSED [ 78%]
e2e-tests\test_10_archived_book.py::TestArchivedAPIRestrictions::封存API - 应拒绝新增交易 PASSED [ 79%]
e2e-tests\test_10_archived_book.py::TestArchivedAPIRestrictions::封存API - 应拒绝修改汇率 PASSED [ 80%]
e2e-tests\test_10_archived_book.py::TestArchivedAPIRestrictions::封存API - 应拒绝编辑交易 PASSED [ 80%]
e2e-tests\test_10_archived_book.py::TestArchivedAPIRestrictions::封存API - 应拒绝删除交易 PASSED [ 81%]
e2e-tests\test_10_archived_book.py::TestArchivedAPIRestrictions::封存API - 应允许查看交易列表 PASSED [ 81%]
e2e-tests\test_10_archived_book.py::TestArchivedAPIRestrictions::封存API - 应允许查看分账结果 PASSED [ 82%]
e2e-tests\test_10_archived_book.py::TestArchivedAmountIntegrity::封存金额 - 封存后金额应保持不变 PASSED [ 83%]
e2e-tests\test_11_multi_user.py::TestMultiUserPersonalExpense::多用户API - 用户B通过API记录的个人交易应正确存储 PASSED [ 83%]
e2e-tests\test_11_multi_user.py::TestMultiUserPersonalExpense::多用户分账 - 混合个人和共同交易时分账应只计算共同交易 PASSED [ 84%]
e2e-tests\test_12_ai_guide.py::TestAIGuideAPI::GUIDE-001: 未填城市生成失败 PASSED [ 85%]
e2e-tests\test_12_ai_guide.py::TestAIGuideAPI::GUIDE-002: 未填天数生成失败 PASSED [ 85%]
e2e-tests\test_12_ai_guide.py::TestAIGuideAPI::GUIDE-003: 含出发地和预算的攻略生成，验证返回结构完整 PASSED [ 86%]
e2e-tests\test_12_ai_guide.py::TestAIGuideAPI::GUIDE-004: 不含出发地时往返大交通费用应为0 PASSED [ 87%]
e2e-tests\test_12_ai_guide.py::TestAIGuideAPI::GUIDE-005: 保存含新字段的攻略 PASSED [ 87%]
e2e-tests\test_12_ai_guide.py::TestAIGuideAPI::GUIDE-006: 缺少必填字段保存失败 PASSED [ 88%]
e2e-tests\test_12_ai_guide.py::TestAIGuideAPI::GUIDE-007: 获取攻略列表 PASSED [ 89%]
e2e-tests\test_12_ai_guide.py::TestAIGuideAPI::GUIDE-008: 获取攻略详情含完整数据 PASSED [ 89%]
e2e-tests\test_12_ai_guide.py::TestAIGuideAPI::GUIDE-009: 更新攻略标题和内容 PASSED [ 90%]
e2e-tests\test_12_ai_guide.py::TestAIGuideAPI::GUIDE-010: 更新攻略关联账本ID PASSED [ 90%]
e2e-tests\test_12_ai_guide.py::TestAIGuideAPI::GUIDE-011: 删除攻略 PASSED [ 91%]
e2e-tests\test_12_ai_guide.py::TestAIGuideAPI::GUIDE-012: 删除后获取详情返回404 PASSED [ 92%]
e2e-tests\test_12_ai_guide.py::TestAIGuideAPI::GUIDE-013: 未认证用户无法访问攻略列表 PASSED [ 92%]
e2e-tests\test_12_ai_guide.py::TestAIGuideAPI::GUIDE-014: 未认证用户无法生成攻略 PASSED [ 93%]
e2e-tests\test_12_ai_guide.py::TestAIGuideAPI::GUIDE-015: 未认证用户无法保存攻略 PASSED [ 94%]
e2e-tests\test_12_ai_guide.py::TestAIGuideAPI::GUIDE-016: 修改攻略缺少参数失败 PASSED [ 94%]
e2e-tests\test_12_ai_guide.py::TestAIGuideAPI::GUIDE-099: 清理测试数据 PASSED [ 95%]
e2e-tests\test_12_ai_guide.py::TestAIGuideDataIntegrity::GUIDE-020: 生成的攻略每个活动都有费用明细 PASSED [ 96%]
e2e-tests\test_12_ai_guide.py::TestAIGuideDataIntegrity::GUIDE-021: 预算汇总各分项之和应接近总计 PASSED [ 96%]
e2e-tests\test_12_ai_guide.py::TestAIGuideDataIntegrity::GUIDE-022: 所有金额应为非负数字 PASSED [ 97%]
e2e-tests\test_13_forgot_password.py::TestForgotPassword::AUTH-009: 通过邮箱直接重置密码 PASSED [ 98%]
e2e-tests\test_13_forgot_password.py::TestForgotPassword::AUTH-010: 未注册邮箱重置密码应失败 PASSED [ 98%]
e2e-tests\test_13_forgot_password.py::TestForgotPassword::AUTH-011: 密码长度不足6位应失败 PASSED [ 99%]
e2e-tests\test_13_forgot_password.py::TestForgotPassword::AUTH-011b: 缺少必要参数应失败 PASSED [100%]

--------------------------------- JSON report ---------------------------------
report saved to: report.json
======================= 155 passed in 425.28s (0:07:05) =======================
